// Jest Snapshot v1, https://goo.gl/fbAQLP

exports[`Home renders <Home /> without crashing 1`] = `
ShallowWrapper {
  Symbol(enzyme.__root__): [Circular],
  Symbol(enzyme.__unrendered__): <Home />,
  Symbol(enzyme.__renderer__): Object {
    "batchedUpdates": [Function],
    "getNode": [Function],
    "render": [Function],
    "simulateError": [Function],
    "simulateEvent": [Function],
    "unmount": [Function],
  },
  Symbol(enzyme.__node__): Object {
    "instance": null,
    "key": undefined,
    "nodeType": "function",
    "props": Object {
      "children": <Styled(ScrollView)>
        <ListInitial
          callFunction={[Function]}
          imgSrc={
            Object {
              "testUri": "../../../src/shared/images/characters.png",
            }
          }
          title="CHARACTERS"
        />
        <ListInitial
          callFunction={[Function]}
          imgSrc={
            Object {
              "testUri": "../../../src/shared/images/comics.png",
            }
          }
          title="COMICS"
        />
        <ListInitial
          callFunction={[Function]}
          imgSrc={
            Object {
              "testUri": "../../../src/shared/images/events.png",
            }
          }
          title="EVENTS"
        />
        <ListInitial
          callFunction={[Function]}
          imgSrc={
            Object {
              "testUri": "../../../src/shared/images/creators.png",
            }
          }
          title="CREATORS"
        />
        <ListInitial
          callFunction={[Function]}
          imgSrc={
            Object {
              "testUri": "../../../src/shared/images/series.png",
            }
          }
          title="SERIES"
        />
      </Styled(ScrollView)>,
    },
    "ref": null,
    "rendered": Object {
      "instance": null,
      "key": undefined,
      "nodeType": "class",
      "props": Object {
        "children": Array [
          <ListInitial
            callFunction={[Function]}
            imgSrc={
              Object {
                "testUri": "../../../src/shared/images/characters.png",
              }
            }
            title="CHARACTERS"
          />,
          <ListInitial
            callFunction={[Function]}
            imgSrc={
              Object {
                "testUri": "../../../src/shared/images/comics.png",
              }
            }
            title="COMICS"
          />,
          <ListInitial
            callFunction={[Function]}
            imgSrc={
              Object {
                "testUri": "../../../src/shared/images/events.png",
              }
            }
            title="EVENTS"
          />,
          <ListInitial
            callFunction={[Function]}
            imgSrc={
              Object {
                "testUri": "../../../src/shared/images/creators.png",
              }
            }
            title="CREATORS"
          />,
          <ListInitial
            callFunction={[Function]}
            imgSrc={
              Object {
                "testUri": "../../../src/shared/images/series.png",
              }
            }
            title="SERIES"
          />,
        ],
      },
      "ref": null,
      "rendered": Array [
        Object {
          "instance": null,
          "key": "0",
          "nodeType": "function",
          "props": Object {
            "callFunction": [Function],
            "imgSrc": Object {
              "testUri": "../../../src/shared/images/characters.png",
            },
            "title": "CHARACTERS",
          },
          "ref": null,
          "rendered": null,
          "type": [Function],
        },
        Object {
          "instance": null,
          "key": "1",
          "nodeType": "function",
          "props": Object {
            "callFunction": [Function],
            "imgSrc": Object {
              "testUri": "../../../src/shared/images/comics.png",
            },
            "title": "COMICS",
          },
          "ref": null,
          "rendered": null,
          "type": [Function],
        },
        Object {
          "instance": null,
          "key": "2",
          "nodeType": "function",
          "props": Object {
            "callFunction": [Function],
            "imgSrc": Object {
              "testUri": "../../../src/shared/images/events.png",
            },
            "title": "EVENTS",
          },
          "ref": null,
          "rendered": null,
          "type": [Function],
        },
        Object {
          "instance": null,
          "key": "3",
          "nodeType": "function",
          "props": Object {
            "callFunction": [Function],
            "imgSrc": Object {
              "testUri": "../../../src/shared/images/creators.png",
            },
            "title": "CREATORS",
          },
          "ref": null,
          "rendered": null,
          "type": [Function],
        },
        Object {
          "instance": null,
          "key": "4",
          "nodeType": "function",
          "props": Object {
            "callFunction": [Function],
            "imgSrc": Object {
              "testUri": "../../../src/shared/images/series.png",
            },
            "title": "SERIES",
          },
          "ref": null,
          "rendered": null,
          "type": [Function],
        },
      ],
      "type": [MockFunction],
    },
    "type": [Function],
  },
  Symbol(enzyme.__nodes__): Array [
    Object {
      "instance": null,
      "key": undefined,
      "nodeType": "function",
      "props": Object {
        "children": <Styled(ScrollView)>
          <ListInitial
            callFunction={[Function]}
            imgSrc={
              Object {
                "testUri": "../../../src/shared/images/characters.png",
              }
            }
            title="CHARACTERS"
          />
          <ListInitial
            callFunction={[Function]}
            imgSrc={
              Object {
                "testUri": "../../../src/shared/images/comics.png",
              }
            }
            title="COMICS"
          />
          <ListInitial
            callFunction={[Function]}
            imgSrc={
              Object {
                "testUri": "../../../src/shared/images/events.png",
              }
            }
            title="EVENTS"
          />
          <ListInitial
            callFunction={[Function]}
            imgSrc={
              Object {
                "testUri": "../../../src/shared/images/creators.png",
              }
            }
            title="CREATORS"
          />
          <ListInitial
            callFunction={[Function]}
            imgSrc={
              Object {
                "testUri": "../../../src/shared/images/series.png",
              }
            }
            title="SERIES"
          />
        </Styled(ScrollView)>,
      },
      "ref": null,
      "rendered": Object {
        "instance": null,
        "key": undefined,
        "nodeType": "class",
        "props": Object {
          "children": Array [
            <ListInitial
              callFunction={[Function]}
              imgSrc={
                Object {
                  "testUri": "../../../src/shared/images/characters.png",
                }
              }
              title="CHARACTERS"
            />,
            <ListInitial
              callFunction={[Function]}
              imgSrc={
                Object {
                  "testUri": "../../../src/shared/images/comics.png",
                }
              }
              title="COMICS"
            />,
            <ListInitial
              callFunction={[Function]}
              imgSrc={
                Object {
                  "testUri": "../../../src/shared/images/events.png",
                }
              }
              title="EVENTS"
            />,
            <ListInitial
              callFunction={[Function]}
              imgSrc={
                Object {
                  "testUri": "../../../src/shared/images/creators.png",
                }
              }
              title="CREATORS"
            />,
            <ListInitial
              callFunction={[Function]}
              imgSrc={
                Object {
                  "testUri": "../../../src/shared/images/series.png",
                }
              }
              title="SERIES"
            />,
          ],
        },
        "ref": null,
        "rendered": Array [
          Object {
            "instance": null,
            "key": "0",
            "nodeType": "function",
            "props": Object {
              "callFunction": [Function],
              "imgSrc": Object {
                "testUri": "../../../src/shared/images/characters.png",
              },
              "title": "CHARACTERS",
            },
            "ref": null,
            "rendered": null,
            "type": [Function],
          },
          Object {
            "instance": null,
            "key": "1",
            "nodeType": "function",
            "props": Object {
              "callFunction": [Function],
              "imgSrc": Object {
                "testUri": "../../../src/shared/images/comics.png",
              },
              "title": "COMICS",
            },
            "ref": null,
            "rendered": null,
            "type": [Function],
          },
          Object {
            "instance": null,
            "key": "2",
            "nodeType": "function",
            "props": Object {
              "callFunction": [Function],
              "imgSrc": Object {
                "testUri": "../../../src/shared/images/events.png",
              },
              "title": "EVENTS",
            },
            "ref": null,
            "rendered": null,
            "type": [Function],
          },
          Object {
            "instance": null,
            "key": "3",
            "nodeType": "function",
            "props": Object {
              "callFunction": [Function],
              "imgSrc": Object {
                "testUri": "../../../src/shared/images/creators.png",
              },
              "title": "CREATORS",
            },
            "ref": null,
            "rendered": null,
            "type": [Function],
          },
          Object {
            "instance": null,
            "key": "4",
            "nodeType": "function",
            "props": Object {
              "callFunction": [Function],
              "imgSrc": Object {
                "testUri": "../../../src/shared/images/series.png",
              },
              "title": "SERIES",
            },
            "ref": null,
            "rendered": null,
            "type": [Function],
          },
        ],
        "type": [MockFunction],
      },
      "type": [Function],
    },
  ],
  Symbol(enzyme.__options__): Object {
    "adapter": ReactSixteenAdapter {
      "options": Object {
        "enableComponentDidUpdateOnSetState": true,
        "lifecycles": Object {
          "componentDidUpdate": Object {
            "onSetState": true,
          },
          "getDerivedStateFromProps": true,
          "getSnapshotBeforeUpdate": true,
          "setState": Object {
            "skipsComponentDidUpdateOnNullish": true,
          },
        },
      },
    },
    "disableLifecycleMethods": true,
  },
}
`;
